{"plant_id": "train_boundary-1207", "report": "/data/coding/pingmo/results/pure_reward_teacher_bank_coverage_v3/new_candidates_48/runs/train_boundary-1207/report.json", "resumed": false}
{"plant_id": "train_core-0249", "report": "/data/coding/pingmo/results/pure_reward_teacher_bank_coverage_v3/new_candidates_48/runs/train_core-0249/report.json", "resumed": false}
{"plant_id": "train_boundary-1344", "report": "/data/coding/pingmo/results/pure_reward_teacher_bank_coverage_v3/new_candidates_48/runs/train_boundary-1344/report.json", "resumed": false}
{"plant_id": "train_core-0742", "report": "/data/coding/pingmo/results/pure_reward_teacher_bank_coverage_v3/new_candidates_48/runs/train_core-0742/report.json", "resumed": false}
{"plant_id": "train_boundary-1451", "report": "/data/coding/pingmo/results/pure_reward_teacher_bank_coverage_v3/new_candidates_48/runs/train_boundary-1451/report.json", "resumed": false}
{"plant_id": "train_core-0548", "report": "/data/coding/pingmo/results/pure_reward_teacher_bank_coverage_v3/new_candidates_48/runs/train_core-0548/report.json", "resumed": false}
{"plant_id": "train_core-0009", "report": "/data/coding/pingmo/results/pure_reward_teacher_bank_coverage_v3/new_candidates_48/runs/train_core-0009/report.json", "resumed": false}
{"plant_id": "train_boundary-1236", "report": "/data/coding/pingmo/results/pure_reward_teacher_bank_coverage_v3/new_candidates_48/runs/train_boundary-1236/report.json", "resumed": false}
{"plant_id": "train_core-0754", "report": "/data/coding/pingmo/results/pure_reward_teacher_bank_coverage_v3/new_candidates_48/runs/train_core-0754/report.json", "resumed": false}
{"plant_id": "train_boundary-1231", "report": "/data/coding/pingmo/results/pure_reward_teacher_bank_coverage_v3/new_candidates_48/runs/train_boundary-1231/report.json", "resumed": false}
{"plant_id": "train_core-0551", "report": "/data/coding/pingmo/results/pure_reward_teacher_bank_coverage_v3/new_candidates_48/runs/train_core-0551/report.json", "resumed": false}
{"plant_id": "train_boundary-1457", "report": "/data/coding/pingmo/results/pure_reward_teacher_bank_coverage_v3/new_candidates_48/runs/train_boundary-1457/report.json", "resumed": false}
{"plant_id": "train_boundary-1488", "report": "/data/coding/pingmo/results/pure_reward_teacher_bank_coverage_v3/new_candidates_48/runs/train_boundary-1488/report.json", "resumed": false}
{"plant_id": "train_core-0570", "report": "/data/coding/pingmo/results/pure_reward_teacher_bank_coverage_v3/new_candidates_48/runs/train_core-0570/report.json", "resumed": false}
{"plant_id": "train_core-0892", "report": "/data/coding/pingmo/results/pure_reward_teacher_bank_coverage_v3/new_candidates_48/runs/train_core-0892/report.json", "resumed": false}
{"plant_id": "train_boundary-1354", "report": "/data/coding/pingmo/results/pure_reward_teacher_bank_coverage_v3/new_candidates_48/runs/train_boundary-1354/report.json", "resumed": false}
{"plant_id": "train_core-0515", "report": "/data/coding/pingmo/results/pure_reward_teacher_bank_coverage_v3/new_candidates_48/runs/train_core-0515/report.json", "resumed": false}
{"plant_id": "train_boundary-1760", "report": "/data/coding/pingmo/results/pure_reward_teacher_bank_coverage_v3/new_candidates_48/runs/train_boundary-1760/report.json", "resumed": false}
{"plant_id": "train_core-0333", "report": "/data/coding/pingmo/results/pure_reward_teacher_bank_coverage_v3/new_candidates_48/runs/train_core-0333/report.json", "resumed": false}
{"plant_id": "train_boundary-1368", "report": "/data/coding/pingmo/results/pure_reward_teacher_bank_coverage_v3/new_candidates_48/runs/train_boundary-1368/report.json", "resumed": false}
{"plant_id": "train_core-0481", "report": "/data/coding/pingmo/results/pure_reward_teacher_bank_coverage_v3/new_candidates_48/runs/train_core-0481/report.json", "resumed": false}
{"plant_id": "train_boundary-1453", "report": "/data/coding/pingmo/results/pure_reward_teacher_bank_coverage_v3/new_candidates_48/runs/train_boundary-1453/report.json", "resumed": false}
{"plant_id": "train_core-0149", "report": "/data/coding/pingmo/results/pure_reward_teacher_bank_coverage_v3/new_candidates_48/runs/train_core-0149/report.json", "resumed": false}
{"plant_id": "train_boundary-1796", "report": "/data/coding/pingmo/results/pure_reward_teacher_bank_coverage_v3/new_candidates_48/runs/train_boundary-1796/report.json", "resumed": false}
{"plant_id": "train_boundary-1260", "report": "/data/coding/pingmo/results/pure_reward_teacher_bank_coverage_v3/new_candidates_48/runs/train_boundary-1260/report.json", "resumed": false}
{"plant_id": "train_core-0840", "report": "/data/coding/pingmo/results/pure_reward_teacher_bank_coverage_v3/new_candidates_48/runs/train_core-0840/report.json", "resumed": false}
{"plant_id": "train_core-0175", "report": "/data/coding/pingmo/results/pure_reward_teacher_bank_coverage_v3/new_candidates_48/runs/train_core-0175/report.json", "resumed": false}
{"plant_id": "train_boundary-1531", "report": "/data/coding/pingmo/results/pure_reward_teacher_bank_coverage_v3/new_candidates_48/runs/train_boundary-1531/report.json", "resumed": false}
{"plant_id": "train_core-0497", "report": "/data/coding/pingmo/results/pure_reward_teacher_bank_coverage_v3/new_candidates_48/runs/train_core-0497/report.json", "resumed": false}
{"plant_id": "train_boundary-1205", "report": "/data/coding/pingmo/results/pure_reward_teacher_bank_coverage_v3/new_candidates_48/runs/train_boundary-1205/report.json", "resumed": false}
{"plant_id": "train_core-0906", "report": "/data/coding/pingmo/results/pure_reward_teacher_bank_coverage_v3/new_candidates_48/runs/train_core-0906/report.json", "resumed": false}
{"plant_id": "train_boundary-1437", "report": "/data/coding/pingmo/results/pure_reward_teacher_bank_coverage_v3/new_candidates_48/runs/train_boundary-1437/report.json", "resumed": false}
{"plant_id": "train_boundary-1357", "report": "/data/coding/pingmo/results/pure_reward_teacher_bank_coverage_v3/new_candidates_48/runs/train_boundary-1357/report.json", "resumed": false}
{"plant_id": "train_core-0964", "report": "/data/coding/pingmo/results/pure_reward_teacher_bank_coverage_v3/new_candidates_48/runs/train_core-0964/report.json", "resumed": false}
{"plant_id": "train_core-0788", "report": "/data/coding/pingmo/results/pure_reward_teacher_bank_coverage_v3/new_candidates_48/runs/train_core-0788/report.json", "resumed": false}
{"plant_id": "train_boundary-1226", "report": "/data/coding/pingmo/results/pure_reward_teacher_bank_coverage_v3/new_candidates_48/runs/train_boundary-1226/report.json", "resumed": false}
{"plant_id": "train_core-0054", "report": "/data/coding/pingmo/results/pure_reward_teacher_bank_coverage_v3/new_candidates_48/runs/train_core-0054/report.json", "resumed": false}
{"plant_id": "train_boundary-1509", "report": "/data/coding/pingmo/results/pure_reward_teacher_bank_coverage_v3/new_candidates_48/runs/train_boundary-1509/report.json", "resumed": false}
{"plant_id": "train_core-0232", "report": "/data/coding/pingmo/results/pure_reward_teacher_bank_coverage_v3/new_candidates_48/runs/train_core-0232/report.json", "resumed": false}
{"plant_id": "train_boundary-1351", "report": "/data/coding/pingmo/results/pure_reward_teacher_bank_coverage_v3/new_candidates_48/runs/train_boundary-1351/report.json", "resumed": false}
{"plant_id": "train_core-0608", "report": "/data/coding/pingmo/results/pure_reward_teacher_bank_coverage_v3/new_candidates_48/runs/train_core-0608/report.json", "resumed": false}
{"plant_id": "train_boundary-1388", "report": "/data/coding/pingmo/results/pure_reward_teacher_bank_coverage_v3/new_candidates_48/runs/train_boundary-1388/report.json", "resumed": false}
{"plant_id": "train_core-0951", "report": "/data/coding/pingmo/results/pure_reward_teacher_bank_coverage_v3/new_candidates_48/runs/train_core-0951/report.json", "resumed": false}
{"plant_id": "train_boundary-1743", "report": "/data/coding/pingmo/results/pure_reward_teacher_bank_coverage_v3/new_candidates_48/runs/train_boundary-1743/report.json", "resumed": false}
{"plant_id": "train_boundary-1402", "report": "/data/coding/pingmo/results/pure_reward_teacher_bank_coverage_v3/new_candidates_48/runs/train_boundary-1402/report.json", "resumed": false}
{"plant_id": "train_core-0628", "report": "/data/coding/pingmo/results/pure_reward_teacher_bank_coverage_v3/new_candidates_48/runs/train_core-0628/report.json", "resumed": false}
{"plant_id": "train_core-0191", "report": "/data/coding/pingmo/results/pure_reward_teacher_bank_coverage_v3/new_candidates_48/runs/train_core-0191/report.json", "resumed": false}
{"plant_id": "train_boundary-1658", "report": "/data/coding/pingmo/results/pure_reward_teacher_bank_coverage_v3/new_candidates_48/runs/train_boundary-1658/report.json", "resumed": false}
{
  "status": "complete",
  "attempted_teacher_count": 48,
  "accepted_teacher_count": 21,
  "rejected_teacher_count": 27,
  "teacher_bank": "/data/coding/pingmo/results/pure_reward_teacher_bank_coverage_v3/new_candidates_48/teacher_bank.json"
}
