{
  "actor": 1908552,
  "twin_critics": 8095700,
  "trainable_online_total": 10004252,
  "frozen_targets": 10004252
}
step=5000/20000 replay=5000 episodes=10 recent_return=-201.8723
step=10000/20000 replay=10000 episodes=20 recent_return=-243.4605
step=15000/20000 replay=15000 episodes=30 recent_return=-59.0707
step=20000/20000 replay=20000 episodes=40 recent_return=-42.6191
{
  "case": "train_boundary-1477",
  "gjb_level": 2,
  "dutch_roll_level": 2,
  "raw": {
    "peak_abs_p_deg_s": 14.985751088589435,
    "oscillation_energy_integral": 0.3630919696415009,
    "primary_energy_integral": 0.3581470792914794,
    "high_frequency_energy_integral": 0.0049448903500215755,
    "residual_force_rms_n": 0.0,
    "episode_return": -73.55182384619403
  },
  "controlled": {
    "peak_abs_p_deg_s": 13.491370647236677,
    "oscillation_energy_integral": 0.31033637260473107,
    "primary_energy_integral": 0.306462624956539,
    "high_frequency_energy_integral": 0.0038737476481921227,
    "residual_force_rms_n": 0.28562149507615653,
    "episode_return": -64.16465301778072
  },
  "train_episodes": 40,
  "parameters": {
    "actor": 1908552,
    "twin_critics": 8095700,
    "trainable_online_total": 10004252,
    "frozen_targets": 10004252
  }
}
plot=basic/results_tcn/train20k_safe.png
